// Jest Snapshot v1, https://goo.gl/fbAQLP

exports[`Default Button 1`] = `
.c0 {
  min-height: 3.8rem;
  padding: .2rem .8rem;
  border: 0;
  border-radius: .3rem;
  box-shadow: inset 0 0 0 .1rem rgba(0,0,0,.25);
  font-size: 1.3rem;
  width: 100%;
}

<input
  className="c0"
  onChange={[Function]}
  type="text"
/>
`;
