// Jest Snapshot v1, https://goo.gl/fbAQLP

exports[`Renders AddSelectedNode 1`] = `
.c3 {
  padding: .8rem 1.8rem;
  text-transform: capitalize;
  font-weight: 300;
  font-size: 1.3rem;
  border: none;
  border-radius: .2rem;
  background-color: rgba(234,236,242,1);
  color: rgba(0,0,0,1);
  cursor: default;
}

.c3:hover {
  background-color: rgba(234,236,242,1);
  color: rgba(0,0,0,1);
}

.c2 {
  min-height: 3.8rem;
  padding: .2rem .8rem;
  border: 0;
  border-radius: .3rem;
  box-shadow: inset 0 0 0 .1rem rgba(0,0,0,.25);
  font-size: 1.3rem;
  width: 100%;
}

.c0 {
  margin: 1rem 0 1.8rem 0;
}

.c1 {
  display: -webkit-box;
  display: -webkit-flex;
  display: -ms-flexbox;
  display: flex;
}

.c1 > input {
  -webkit-flex: 1;
  -ms-flex: 1;
  flex: 1;
  margin-right: 1.8rem;
}

<section
  className="c0"
>
  <section
    className="c1"
  >
    <input
      className="c2"
      onChange={[Function]}
      placeholder="Enter New undefined"
      type="text"
      value=""
    />
    <button
      className="c3"
      disabled={true}
      onClick={[Function]}
    >
      Add Another undefined
    </button>
  </section>
</section>
`;
